{
	"Foo": "Bar",
	"Key": {
		"Hello": "World"
	}
}